2026-09-23 16:11:33,612 INFO o.a.j.u.JMeterUtils: Setting Locale to en_EN
2026-09-23 16:11:33,640 INFO o.a.j.JMeter: Loading user properties from: user.properties
2026-09-23 16:11:33,640 INFO o.a.j.JMeter: Loading system properties from: system.properties
2026-09-23 16:11:33,647 INFO o.a.j.JMeter: Copyright (c) 1998-2024 The Apache Software Foundation
2026-09-23 16:11:33,647 INFO o.a.j.JMeter: Version 5.6.3
2026-09-23 16:11:33,647 INFO o.a.j.JMeter: java.version=21.0.12
2026-09-23 16:11:33,647 INFO o.a.j.JMeter: java.vm.name=OpenJDK 64-Bit Server VM
2026-09-23 16:11:33,647 INFO o.a.j.JMeter: os.name=Windows 11
2026-09-23 16:11:33,647 INFO o.a.j.JMeter: os.arch=amd64
2026-09-23 16:11:33,647 INFO o.a.j.JMeter: os.version=10.0
2026-09-23 16:11:33,647 INFO o.a.j.JMeter: file.encoding=UTF-8
2026-09-23 16:11:33,647 INFO o.a.j.JMeter: java.awt.headless=null
2026-09-23 16:11:33,647 INFO o.a.j.JMeter: Max memory     =1073741824
2026-09-23 16:11:33,647 INFO o.a.j.JMeter: Available Processors =8
2026-09-23 16:11:33,657 INFO o.a.j.JMeter: Default Locale=English (EN)
2026-09-23 16:11:33,658 INFO o.a.j.JMeter: JMeter  Locale=English (EN)
2026-09-23 16:11:33,658 INFO o.a.j.JMeter: JMeterHome=D:\Learning-Java\NewProject\xxxx.com\benchmark\jmeter
2026-09-23 16:11:33,658 INFO o.a.j.JMeter: user.dir  =D:\Learning-Java\NewProject\xxxx.com\benchmark\jmeter\bin
2026-09-23 16:11:33,658 INFO o.a.j.JMeter: PWD       =D:\Learning-Java\NewProject\xxxx.com\benchmark\jmeter\bin
2026-09-23 16:11:33,660 INFO o.a.j.JMeter: IP: 192.168.208.1 Name: D-DU11-THINHNP FullName: D-DU11-THINHNP.mshome.net
2026-09-23 16:11:33,672 INFO o.a.j.JMeter: Loaded icon properties from org/apache/jmeter/images/icon.properties
2026-09-23 16:11:33,876 INFO o.a.j.JMeterGuiLauncher: Setting LAF to: com.github.weisj.darklaf.DarkLaf:com.github.weisj.darklaf.theme.DarculaTheme
2026-09-23 16:13:08,584 INFO o.a.j.p.h.s.HTTPSamplerBase: Parser for text/html is org.apache.jmeter.protocol.http.parser.LagartoBasedHtmlParser
2026-09-23 16:13:08,585 INFO o.a.j.p.h.s.HTTPSamplerBase: Parser for application/xhtml+xml is org.apache.jmeter.protocol.http.parser.LagartoBasedHtmlParser
2026-09-23 16:13:08,585 INFO o.a.j.p.h.s.HTTPSamplerBase: Parser for application/xml is org.apache.jmeter.protocol.http.parser.LagartoBasedHtmlParser
2026-09-23 16:13:08,585 INFO o.a.j.p.h.s.HTTPSamplerBase: Parser for text/xml is org.apache.jmeter.protocol.http.parser.LagartoBasedHtmlParser
2026-09-23 16:13:08,585 INFO o.a.j.p.h.s.HTTPSamplerBase: Parser for text/vnd.wap.wml is org.apache.jmeter.protocol.http.parser.RegexpHTMLParser
2026-09-23 16:13:08,585 INFO o.a.j.p.h.s.HTTPSamplerBase: Parser for text/css is org.apache.jmeter.protocol.http.parser.CssParser
2026-09-23 16:13:51,220 INFO o.a.j.s.FileServer: Default base='D:\Learning-Java\NewProject\xxxx.com\benchmark\jmeter\bin'
2026-09-23 16:13:51,220 INFO o.a.j.s.FileServer: Set new base='D:\Learning-Java\NewProject\xxxx.com\benchmark\jmeter\bin'
2026-09-23 16:13:51,436 INFO o.a.j.s.SaveService: Testplan (JMX) version: 2.2. Testlog (JTL) version: 2.2
2026-09-23 16:13:51,465 INFO o.a.j.s.SaveService: Using SaveService properties version 5.0
2026-09-23 16:13:51,467 INFO o.a.j.s.SaveService: Using SaveService properties file encoding UTF-8
